
 Usage: cli [OPTIONS] COMMAND [ARGS]...

 My amazing tool does all the things.
 This is a minimal example based on documentation from the 'click' package.
 You can try using --help at the top level and also for specific subcommands.

╭─ Basic usage ────────────────────────────────────────────────────────────────────────────────────╮
│ *  --type    TEXT  Type of file to sync [default: files] [required]                              │
╰──────────────────────────────────────────────────────────────────────────────────────────────────╯
╭─ Advanced options ───────────────────────────────────────────────────────────────────────────────╮
│ --help              -h       Show this message and exit.                                         │
│ --version                    Show the version and exit.                                          │
│ --debug/--no-debug  -d/-n    Show the debug log messages [default: False]                        │
╰──────────────────────────────────────────────────────────────────────────────────────────────────╯
╭─ Main usage ─────────────────────────────────────────────────────────────────────────────────────╮
│ sync                             Synchronise all your files between two places.                  │
│ download                         Pretend to download some files from somewhere.                  │
╰──────────────────────────────────────────────────────────────────────────────────────────────────╯
╭─ Configuration ──────────────────────────────────────────────────────────────────────────────────╮
│ config                           Set up the configuration.                                       │
│ auth                             Authenticate the app.                                           │
╰──────────────────────────────────────────────────────────────────────────────────────────────────╯
